<html>
<body>
<pre>
<h1>µVision Build Log</h1>
<h2>Project:</h2>
C:\Users\sergio\Documents\MEGA\Universidad\4º Ingeniería\Segundo Cuatrimestre\Hardware Empotrado\Practicas\final\trabajo.uvproj
Project File Date:  05/22/2019

<h2>Output:</h2>
Rebuild target 'Target 1'
assembling Startup.s...
compiling ha.c...
minilib.h(13): warning:  #1295-D: Deprecated declaration _getch - give arg types
  char _getch();
minilib.h(16): warning:  #1295-D: Deprecated declaration _U0getch - give arg types
  unsigned char _U0getch();
ha.c(51): warning:  #177-D: variable "mostrarLista" was declared but never referenced
        char mostrarLista[] = "Mostrar lista";
ha.c(52): warning:  #177-D: variable "conectadoPic" was declared but never referenced
        char conectadoPic[] = "Conenctado con el PIC";
ha.c(179): warning:  #177-D: variable "counter" was declared but never referenced
        int counter = 7;
ha.c: 5 warnings, 0 errors
linking...
Program Size: Code=2768 RO-data=32 RW-data=32 ZI-data=1256  
FromELF: creating hex file...
".\trabajo.axf" - 0 Error(s), 5 Warning(s).
</pre>
</body>
</html>

FromELF: creating hex file...
".\trabajo.axf" - 0 Error(s), 6 Warning(s).
.\trabajo.axf" - 1 Error(s), 6 Warning(s).
Target not created
): error:  #169: expected a declaration
        } while(value>0);
ha.c(171): error:  #169: expected a declaration
  }
ha.c(194): warning:  #12-D: parsing restarts here after previous syntax error
                        break;
ha.c(195): error:  #169: expected a declaration
                case (2):
ha.c(197): error:  #77-D: this declaration has no storage class or type specifier
                        cmd[5]='0';
ha.c(197): error:  #147: declaration is incompatible with "char cmd[8]" (declared at line 38)
                        cmd[5]='0';
ha.c(197): warning:  #520-D: initialization with "{...}" expected for aggregate object
                        cmd[5]='0';
ha.c(198): error:  #77-D: this declaration has no storage class or type specifier
                        cmd[6]='1';
ha.c(198): error:  #147: declaration is incompatible with "int cmd[5]" (declared at line 197)
                        cmd[6]='1';
ha.c(198): warning:  #520-D: initialization with "{...}" expected for aggregate object
                        cmd[6]='1';
ha.c(199): error:  #77-D: this declaration has no storage class or type specifier
                        cmd[7]='0';
ha.c(199): error:  #147: declaration is incompatible with "int cmd[6]" (declared at line 198)
                        cmd[7]='0';
ha.c(199): error:  #148: variable "cmd" has already been initialized
                        cmd[7]='0';
ha.c(199): warning:  #520-D: initialization with "{...}" expected for aggregate object
                        cmd[7]='0';
ha.c(200): error:  #169: expected a declaration
                        break;
ha.c(201): error:  #169: expected a declaration
                case (3):
ha.c(203): error:  #77-D: this declaration has no storage class or type specifier
                        cmd[5]='0';
ha.c(203): error:  #147: declaration is incompatible with "int cmd[7]" (declared at line 199)
                        cmd[5]='0';
ha.c(203): error:  #148: variable "cmd" has already been initialized
                        cmd[5]='0';
ha.c(203): warning:  #520-D: initialization with "{...}" expected for aggregate object
                        cmd[5]='0';
ha.c(204): error:  #77-D: this declaration has no storage class or type specifier
                        cmd[6]='1';
ha.c(204): error:  #147: declaration is incompatible with "int cmd[5]" (declared at line 203)
                        cmd[6]='1';
ha.c(204): error:  #148: variable "cmd" has already been initialized
                        cmd[6]='1';
ha.c(204): warning:  #520-D: initialization with "{...}" expected for aggregate object
                        cmd[6]='1';
ha.c(205): error:  #77-D: this declaration has no storage class or type specifier
                        cmd[7]='1';
ha.c(205): error:  #147: declaration is incompatible with "int cmd[6]" (declared at line 204)
                        cmd[7]='1';
ha.c(205): error:  #148: variable "cmd" has already been initialized
                        cmd[7]='1';
ha.c(205): warning:  #520-D: initialization with "{...}" expected for aggregate object
                        cmd[7]='1';
ha.c(206): error:  #169: expected a declaration
                        break;
ha.c(207): error:  #169: expected a declaration
                case (4):
ha.c(209): error:  #77-D: this declaration has no storage class or type specifier
                        cmd[5]='1';
ha.c(209): error:  #147: declaration is incompatible with "int cmd[7]" (declared at line 205)
                        cmd[5]='1';
ha.c(209): error:  #148: variable "cmd" has already been initialized
                        cmd[5]='1';
ha.c(209): warning:  #520-D: initialization with "{...}" expected for aggregate object
                        cmd[5]='1';
ha.c(210): error:  #77-D: this declaration has no storage class or type specifier
                        cmd[6]='0';
ha.c(210): error:  #147: declaration is incompatible with "int cmd[5]" (declared at line 209)
                        cmd[6]='0';
ha.c: 15 warnings, 30 errors
".\trabajo.axf" - 30 Error(s), 15 Warning(s).
Target not created
