<html>
<body>
<pre>
<h1>µVision Build Log</h1>
<h2>Project:</h2>
C:\Users\sergio\Documents\MEGA\Universidad\4º Ingeniería\Segundo Cuatrimestre\Hardware Empotrado\Practicas\final\HEMP-LPC2103-PIC10F200-COM\trabajo.uvproj
Project File Date:  05/22/2019

<h2>Output:</h2>
Rebuild target 'Target 1'
assembling Startup.s...
compiling ha.c...
minilib.h(13): warning:  #1295-D: Deprecated declaration _getch - give arg types
  char _getch();
minilib.h(16): warning:  #1295-D: Deprecated declaration _U0getch - give arg types
  unsigned char _U0getch();
ha.c(52): warning:  #177-D: variable "mostrarLista" was declared but never referenced
        char mostrarLista[] = "Mostrar lista";
ha.c(53): warning:  #177-D: variable "conectadoPic" was declared but never referenced
        char conectadoPic[] = "Conenctado con el PIC";
ha.c(183): warning:  #177-D: variable "counter" was declared but never referenced
        int counter = 7;
ha.c: 5 warnings, 0 errors
linking...
Program Size: Code=2788 RO-data=32 RW-data=32 ZI-data=1256  
FromELF: creating hex file...
".\trabajo.axf" - 0 Error(s), 5 Warning(s).
</pre>
</body>
</html>
